// Jest Snapshot v1, https://goo.gl/fbAQLP

exports[`Renders correctly 1`] = `
<header
  className="bg-black-me"
>
  <div
    className="container mx-auto py-5 px-8"
  >
    <div
      className="flex justify-between items-center"
    >
      <img
        alt="logo-taxi"
        src="logo-taxi.svg"
      />
      <nav
        className="flex text-white space-x-7"
      >
        <button
          className="hover:text-yellow-me text-xl"
          type="button"
        >
          <div>
            NavLink component
          </div>
        </button>
        <button
          className="hover:text-yellow-me text-xl"
          type="button"
        >
          <div>
            NavLink component
          </div>
        </button>
        <button
          className="hover:text-yellow-me text-xl"
          onClick={[Function]}
          type="button"
        >
          <div>
            NavLink component
          </div>
        </button>
      </nav>
    </div>
  </div>
</header>
`;
