// Jest Snapshot v1, https://goo.gl/fbAQLP

exports[`Renders correctly 1`] = `
<div
  className="font-sans antialiased grid auto-cols-fr grid-rows-[auto_1fr] relative h-screen"
>
  <main>
    <section
      className="h-full bg-black-me"
    />
  </main>
  <div
    className="fixed top-full left-1/2 -translate-x-1/2"
  >
    <div
      className="transition-transform duration-300 "
    >
      <div
        className="min-w-[400px] relative flex justify-between items-center text-white rounded-t-lg success"
      >
        <p
          className="pl-5 select-none"
        >
          
        </p>
        <button
          className="p-5 text-white ml-5 cursor-pointer hover:text-white transition-colors duration-500 ease-in-out"
          onClick={[Function]}
        >
          <svg
            className="h-5 w-5 stroke-current stroke-[3px]"
            fill="currentColor"
            viewBox="0 0 20 20"
            xmlns="http://www.w3.org/2000/svg"
          >
            <path
              clipRule="evenodd"
              d="M4.293 4.293a1 1 0 011.414 0L10 8.586l4.293-4.293a1 1 0 111.414 1.414L11.414 10l4.293 4.293a1 1 0 01-1.414 1.414L10 11.414l-4.293 4.293a1 1 0 01-1.414-1.414L8.586 10 4.293 5.707a1 1 0 010-1.414z"
              fillRule="evenodd"
            />
          </svg>
        </button>
      </div>
    </div>
  </div>
</div>
`;
